runmode
	reference	3 35.2821934 -66.3871985 35.282193 -66.387198
	arclet	1 arcs/cj0221.dat
	inverse	3 0.500000 200
	verbose	1
	end
image
	multfile	1 arcs/cj0221.dat
	forme		-1
	mult_wcs	3
	sigposArcsec		0.200000
	z_m_limit	 1 A3a A4a 1 1.300  1.700  0.0010 
	z_m_limit	 1 B7a 1 1.700  2.100  0.0010 
	critic		1 -11.968000 11.630000  135.876000  0.186450  1.524000
	end
grille
	nombre		128
	polaire		0
	nlentille	48
	nlens_crit	6
	nlens_opt	6
	end
potentiel
0
	profil		81
	x_centre	-0.209451
	y_centre	-0.486841
	ellipticite	0.497312
	angle_pos	120.447123
	core_radius_kpc	50.005799
	cut_radius_kpc	1500.000000
	v_disp		881.265938
	z_lens		0.430100
	end
limit
0
	x_centre	1 -2.000000 6.000000 0.010000
	y_centre	1 -8.000000 3.000000 0.010000
	ellipticite	1 0.000000 0.600000 0.001000
	angle_pos	1 0.000000 3.141593 0.001745
	core_radius_kpc	1 5.000000 150.000000 0.100000
	v_disp		1 800.000000 1200.000000 0.100000
	end
potentiel
1
	profil		81
	x_centre	4.693000
	y_centre	-18.695000
	ellipticite	0.000000
	angle_pos	0.000000
	core_radius_kpc	0.744869
	cut_radius_kpc	25.000000
	v_disp		122.049574
	z_lens		0.430100
	end
limit
1
	ellipticite	1 0.000000 0.600000 0.001000
	angle_pos	1 0.000000 3.141593 0.001745
	core_radius_kpc	1 0.100000 50.000000 0.050000
	cut_radius_kpc	1 3.000000 100.000000 0.050000
	v_disp		1 5.000000 250.000000 0.050000
	end
potentiel
2
	profil		81
	x_centre	-0.516000
	y_centre	14.783000
	ellipticite	0.255039
	angle_pos	134.000000
	core_radius_kpc	11.654820
	cut_radius_kpc	25.000000
	v_disp		178.764822
	z_lens		0.430100
	end
limit
2
	ellipticite	1 0.000000 0.600000 0.001000
	angle_pos	0 0.000000 3.141593 0.001745
	core_radius_kpc	1 0.100000 50.000000 0.050000
	cut_radius_kpc	1 3.000000 100.000000 0.050000
	v_disp		1 5.000000 250.000000 0.050000
	end
potentiel
3
	profil		81
	x_centre	-10.089000
	y_centre	12.483000
	ellipticite	0.000000
	angle_pos	0.000000
	core_radius_kpc	4.478919
	cut_radius_kpc	25.000000
	v_disp		155.902850
	z_lens		0.430100
	end
limit
3
	ellipticite	1 0.000000 0.600000 0.001000
	angle_pos	0 0.000000 3.141593 0.001745
	core_radius_kpc	1 0.100000 50.000000 0.050000
	cut_radius_kpc	1 3.000000 100.000000 0.050000
	v_disp		1 5.000000 250.000000 0.050000
	end
potentiel
4
	profil		81
	x_centre	-5.659000
	y_centre	15.838000
	ellipticite	0.261810
	angle_pos	0.000000
	core_radius_kpc	4.425410
	cut_radius_kpc	25.000000
	v_disp		216.856755
	z_lens		0.430100
	end
limit
4
	ellipticite	1 0.000000 0.600000 0.001000
	angle_pos	1 0.000000 3.141593 0.001745
	core_radius_kpc	1 0.100000 50.000000 0.050000
	cut_radius_kpc	1 3.000000 100.000000 0.050000
	v_disp		1 5.000000 250.000000 0.050000
	end
potentiel
5
	profil		81
	x_centre	180.000000
	y_centre	-80.000000
	ellipticite	0.000000
	angle_pos	0.000000
	core_radius_kpc	0.000000
	cut_radius_kpc	1500.000000
	v_disp		600.000000
	z_lens		0.430100
	end
limit
5
	v_disp		1 500.000000 800.000000 0.100000
	end
potfile0
	filein	3 cats/1153ground.cat
	zlens	0.430100
	type	81
	corekpc	0.150000
	mag0	19.530000
	sigma	1 115.415843 84.590184
	cutkpc	1 3.000000 100.000000
	slope	0 4.000000 0.000000
	vdslope	0 4.000000 0.000000
	vdscatter	0 0.000000 0.000000
	rcutscatter	0 0.000000 0.000000
	end
cline
	nplan		2 1.524000  1.939000 
	dmax		30.000000
	algorithm		MARCHINGSQUARES
	limitHigh		5.000000
	limitLow		0.250000
	end
grande
	iso	0 0 0.000000 0.000000 0.000000
	name	best
	profil	0 0
	contour	1 0
	large_dist	0.300000
	end
cosmologie
	H0	70.000000
	omegaM	0.300000
	omegaX	0.700000
	wX	-1.000000
	kcourb	0.000000
	end
champ
	xmin	-30.000000
	xmax	30.000000
	ymin	-30.000000
	ymax	30.000000
	end
fini
